[INFO] [launch]: All log files can be found below /root/.ros/log/2026-09-27-15-14-38-901935-qi-123-81
[INFO] [launch]: Default logging verbosity is set to INFO
WARNING:root:[33;21mCannot infer SRDF from `/workspace/ros2_ws/install/piper_elevator_app/share/piper_elevator_app`. -- using config/piper_pika.srdf[0m
[INFO] [ign gazebo-1]: process started with pid [83]
[INFO] [robot_state_publisher-2]: process started with pid [85]
[INFO] [parameter_bridge-3]: process started with pid [88]
[INFO] [relay-4]: process started with pid [90]
[INFO] [create-5]: process started with pid [92]
[INFO] [button_detector-6]: process started with pid [94]
[INFO] [move_group-7]: process started with pid [96]
[INFO] [servo_node_main-8]: process started with pid [98]
[INFO] [simulation_servo_adapter-9]: process started with pid [100]
[INFO] [button_approach_planner-10]: process started with pid [102]
[INFO] [button_visual_servo-11]: process started with pid [104]
[INFO] [button_press_executor-12]: process started with pid [106]
[INFO] [elevator_task_manager-13]: process started with pid [108]
[create-5] [0m[INFO] [1790522079.297268073] [ros_gz_sim]: Waiting messages on topic [/robot_description].[0m
[servo_node_main-8] [33m[WARN] [1790522079.312629539] [moveit_servo.servo_node]: Intra-process communication is disabled, consider enabling it by adding: 
[servo_node_main-8] extra_arguments=[{'use_intra_process_comms' : True}]
[servo_node_main-8] to the Servo composable node in the launch file[0m
[robot_state_publisher-2] [0m[INFO] [1790522079.324472955] [robot_state_publisher]: got segment base_link[0m
[robot_state_publisher-2] [0m[INFO] [1790522079.324710194] [robot_state_publisher]: got segment camera_color_frame[0m
[robot_state_publisher-2] [0m[INFO] [1790522079.324716318] [robot_state_publisher]: got segment camera_color_optical_frame[0m
[robot_state_publisher-2] [0m[INFO] [1790522079.324718994] [robot_state_publisher]: got segment camera_link[0m
[robot_state_publisher-2] [0m[INFO] [1790522079.324723273] [robot_state_publisher]: got segment link1[0m
[robot_state_publisher-2] [0m[INFO] [1790522079.324726348] [robot_state_publisher]: got segment link2[0m
[robot_state_publisher-2] [0m[INFO] [1790522079.324731300] [robot_state_publisher]: got segment link3[0m
[robot_state_publisher-2] [0m[INFO] [1790522079.324735976] [robot_state_publisher]: got segment link4[0m
[robot_state_publisher-2] [0m[INFO] [1790522079.324741035] [robot_state_publisher]: got segment link5[0m
[robot_state_publisher-2] [0m[INFO] [1790522079.324743000] [robot_state_publisher]: got segment link6[0m
[robot_state_publisher-2] [0m[INFO] [1790522079.324744888] [robot_state_publisher]: got segment pika_fingertip_center_link[0m
[robot_state_publisher-2] [0m[INFO] [1790522079.324747730] [robot_state_publisher]: got segment pika_gripper_actuator_link[0m
[robot_state_publisher-2] [0m[INFO] [1790522079.324749726] [robot_state_publisher]: got segment pika_gripper_base_link[0m
[robot_state_publisher-2] [0m[INFO] [1790522079.324752219] [robot_state_publisher]: got segment pika_gripper_left_link[0m
[robot_state_publisher-2] [0m[INFO] [1790522079.324754937] [robot_state_publisher]: got segment pika_gripper_right_link[0m
[robot_state_publisher-2] [0m[INFO] [1790522079.324756959] [robot_state_publisher]: got segment tcp_link[0m
[robot_state_publisher-2] [0m[INFO] [1790522079.324759444] [robot_state_publisher]: got segment world[0m
[servo_node_main-8] [0m[INFO] [1790522079.346707820] [moveit_rdf_loader.rdf_loader]: Loaded robot model in 0 seconds[0m
[servo_node_main-8] [0m[INFO] [1790522079.348439539] [moveit_robot_model.robot_model]: Loading robot model 'piper_pika'...[0m
[servo_node_main-8] [0m[INFO] [1790522079.348461118] [moveit_robot_model.robot_model]: No root/virtual joint specified in SRDF. Assuming fixed joint[0m
[move_group-7] [0m[INFO] [1790522079.367851293] [moveit_rdf_loader.rdf_loader]: Loaded robot model in 0 seconds[0m
[move_group-7] [0m[INFO] [1790522079.368476469] [moveit_robot_model.robot_model]: Loading robot model 'piper_pika'...[0m
[move_group-7] [0m[INFO] [1790522079.368501664] [moveit_robot_model.robot_model]: No root/virtual joint specified in SRDF. Assuming fixed joint[0m
[simulation_servo_adapter-9] [0m[INFO] [1790522079.666346089] [simulation_servo_adapter]: Simulation Servo tracking compensation enabled: gain=2.00, max_lead=0.080 rad[0m
[button_visual_servo-11] [0m[INFO] [1790522079.784387013] [button_visual_servo]: Button visual servo ready: tip=pika_fingertip_center_link, standoff=0.030 m, execution=True[0m
[create-5] [0m[INFO] [1790522079.992399720] [ros_gz_sim]: Requested creation of entity.[0m
[create-5] [0m[INFO] [1790522079.992577581] [ros_gz_sim]: OK creation of entity.[0m
[INFO] [create-5]: process has finished cleanly [pid 92]
[INFO] [spawner-14]: process started with pid [392]
[button_approach_planner-10] [0m[INFO] [1790522080.212117019] [button_approach_planner]: Button approach planner ready: base=base_link, tip=pika_fingertip_center_link, approach=0.140 m, execution=True, policy=visible_joint_goal, vertical_offset=0.000 m[0m
[parameter_bridge-3] [0m[INFO] [1790522080.333187733] [ros_gz_bridge]: Creating GZ->ROS Bridge: [/pika_fisheye/image (gz.msgs.Image) -> /camera/color/image_raw (sensor_msgs/msg/Image)] (Lazy 1)[0m
[parameter_bridge-3] [0m[INFO] [1790522080.339943842] [ros_gz_bridge]: Creating GZ->ROS Bridge: [/pika_fisheye/depth_image (gz.msgs.Image) -> /camera/aligned_depth_to_color/image_raw (sensor_msgs/msg/Image)] (Lazy 1)[0m
[parameter_bridge-3] [0m[INFO] [1790522080.340286914] [ros_gz_bridge]: Creating GZ->ROS Bridge: [/pika_fisheye/camera_info (gz.msgs.CameraInfo) -> /camera/color/camera_info (sensor_msgs/msg/CameraInfo)] (Lazy 1)[0m
[parameter_bridge-3] [0m[INFO] [1790522080.340676841] [ros_gz_bridge]: Creating GZ->ROS Bridge: [/clock (gz.msgs.Clock) -> /clock (rosgraph_msgs/msg/Clock)] (Lazy 0)[0m
[parameter_bridge-3] [0m[INFO] [1790522080.341162436] [ros_gz_bridge]: Creating GZ->ROS Bridge: [/elevator_button/touched (gz.msgs.Boolean) -> /elevator_button/pressed (std_msgs/msg/Bool)] (Lazy 0)[0m
[parameter_bridge-3] [0m[INFO] [1790522080.342366966] [ros_gz_bridge]: Creating GZ->ROS Bridge: [/world/button_press/model/elevator_button/link/button_1_face/sensor/button_1_contact/contact (gz.msgs.Contacts) -> /elevator_button/button_1/contacts (ros_gz_interfaces/msg/Contacts)] (Lazy 0)[0m
[parameter_bridge-3] [0m[INFO] [1790522080.346682047] [ros_gz_bridge]: Creating GZ->ROS Bridge: [/world/button_press/model/elevator_button/link/button_2_face/sensor/button_2_contact/contact (gz.msgs.Contacts) -> /elevator_button/button_2/contacts (ros_gz_interfaces/msg/Contacts)] (Lazy 0)[0m
[parameter_bridge-3] [0m[INFO] [1790522080.350655446] [ros_gz_bridge]: Creating GZ->ROS Bridge: [/world/button_press/model/elevator_button/link/button_3_face/sensor/button_3_contact/contact (gz.msgs.Contacts) -> /elevator_button/button_3/contacts (ros_gz_interfaces/msg/Contacts)] (Lazy 0)[0m
[parameter_bridge-3] [0m[INFO] [1790522080.352506024] [ros_gz_bridge]: Creating GZ->ROS Bridge: [/world/button_press/model/elevator_button/link/button_intercom_face/sensor/button_intercom_contact/contact (gz.msgs.Contacts) -> /elevator_button/button_intercom/contacts (ros_gz_interfaces/msg/Contacts)] (Lazy 0)[0m
[parameter_bridge-3] [0m[INFO] [1790522080.352996865] [ros_gz_bridge]: Creating GZ->ROS Bridge: [/world/button_press/model/elevator_button/link/button_up_face/sensor/button_up_contact/contact (gz.msgs.Contacts) -> /elevator_button/button_up/contacts (ros_gz_interfaces/msg/Contacts)] (Lazy 0)[0m
[parameter_bridge-3] [0m[INFO] [1790522080.353240754] [ros_gz_bridge]: Creating GZ->ROS Bridge: [/world/button_press/model/elevator_button/link/button_down_face/sensor/button_down_contact/contact (gz.msgs.Contacts) -> /elevator_button/button_down/contacts (ros_gz_interfaces/msg/Contacts)] (Lazy 0)[0m
[parameter_bridge-3] [0m[INFO] [1790522080.353478750] [ros_gz_bridge]: Creating GZ->ROS Bridge: [/world/button_press/model/elevator_button/link/button_open_face/sensor/button_open_contact/contact (gz.msgs.Contacts) -> /elevator_button/button_open/contacts (ros_gz_interfaces/msg/Contacts)] (Lazy 0)[0m
[parameter_bridge-3] [0m[INFO] [1790522080.353698763] [ros_gz_bridge]: Creating GZ->ROS Bridge: [/world/button_press/model/elevator_button/link/button_close_face/sensor/button_close_contact/contact (gz.msgs.Contacts) -> /elevator_button/button_close/contacts (ros_gz_interfaces/msg/Contacts)] (Lazy 0)[0m
[parameter_bridge-3] [0m[INFO] [1790522080.353915527] [ros_gz_bridge]: Creating GZ->ROS Bridge: [/world/button_press/model/elevator_button/link/button_alarm_face/sensor/button_alarm_contact/contact (gz.msgs.Contacts) -> /elevator_button/button_alarm/contacts (ros_gz_interfaces/msg/Contacts)] (Lazy 0)[0m
[parameter_bridge-3] [0m[INFO] [1790522080.354680298] [ros_gz_bridge]: Creating GZ->ROS Bridge: [/elevator_button/joint_state (gz.msgs.Model) -> /elevator_button/joint_states (sensor_msgs/msg/JointState)] (Lazy 0)[0m
[spawner-14] [0m[INFO] [1790522080.385859450] [spawner_joint_state_broadcaster]: waiting for service /controller_manager/list_controllers to become available...[0m
[button_detector-6] [0m[INFO] [1790522080.817007174] [button_detector]: Model warmup completed: iterations=2, elapsed=0.517s[0m
[button_detector-6] [0m[INFO] [1790522080.830772699] [button_detector]: YOLO button detector ready in RGB-D mode. model=/workspace/ros2_ws/install/piper_elevator_app/share/piper_elevator_app/models/elevator_buttons_yolo11s.onnx, providers=['CUDAExecutionProvider', 'CPUExecutionProvider'], color=/camera/color/image_raw, input_queue=1, input_reliability=BEST_EFFORT, selected_button=<none>[0m
[servo_node_main-8] [0m[INFO] [1790522081.029897628] [moveit_ros.current_state_monitor]: Listening to joint states on topic '/piper_pika/joint_states'[0m
[servo_node_main-8] [0m[INFO] [1790522081.032533981] [moveit_ros.planning_scene_monitor.planning_scene_monitor]: Listening to '/attached_collision_object' for attached collision objects[0m
[servo_node_main-8] [0m[INFO] [1790522081.032555984] [moveit_ros.planning_scene_monitor.planning_scene_monitor]: Starting planning scene monitor[0m
[servo_node_main-8] [0m[INFO] [1790522081.033140829] [moveit_ros.planning_scene_monitor.planning_scene_monitor]: Listening to '/planning_scene'[0m
[servo_node_main-8] [0m[INFO] [1790522081.033152808] [moveit_ros.planning_scene_monitor.planning_scene_monitor]: Starting world geometry update monitor for collision objects, attached objects, octomap updates.[0m
[servo_node_main-8] [0m[INFO] [1790522081.033450388] [moveit_ros.planning_scene_monitor.planning_scene_monitor]: Listening to 'collision_object'[0m
[servo_node_main-8] [0m[INFO] [1790522081.033830801] [moveit_ros.planning_scene_monitor.planning_scene_monitor]: Listening to 'planning_scene_world' for planning scene world geometry[0m
[servo_node_main-8] [33m[WARN] [1790522081.034080437] [moveit.ros.occupancy_map_monitor.middleware_handle]: Resolution not specified for Octomap. Assuming resolution = 0.1 instead[0m
[servo_node_main-8] [31m[ERROR] [1790522081.034095492] [moveit.ros.occupancy_map_monitor.middleware_handle]: No 3D sensor plugin(s) defined for octomap updates[0m
[move_group-7] [0m[INFO] [1790522081.063807491] [moveit_ros.planning_scene_monitor.planning_scene_monitor]: Publishing maintained planning scene on 'monitored_planning_scene'[0m
[move_group-7] [0m[INFO] [1790522081.064091287] [moveit.ros_planning_interface.moveit_cpp]: Listening to 'joint_states' for joint states[0m
[move_group-7] [0m[INFO] [1790522081.064825233] [moveit_ros.current_state_monitor]: Listening to joint states on topic 'joint_states'[0m
[move_group-7] [0m[INFO] [1790522081.065259785] [moveit_ros.planning_scene_monitor.planning_scene_monitor]: Listening to '/attached_collision_object' for attached collision objects[0m
[move_group-7] [0m[INFO] [1790522081.065279085] [moveit_ros.planning_scene_monitor.planning_scene_monitor]: Starting planning scene monitor[0m
[move_group-7] [0m[INFO] [1790522081.065493954] [moveit_ros.planning_scene_monitor.planning_scene_monitor]: Listening to '/planning_scene'[0m
[move_group-7] [0m[INFO] [1790522081.065507907] [moveit_ros.planning_scene_monitor.planning_scene_monitor]: Starting world geometry update monitor for collision objects, attached objects, octomap updates.[0m
[move_group-7] [0m[INFO] [1790522081.065674577] [moveit_ros.planning_scene_monitor.planning_scene_monitor]: Listening to 'collision_object'[0m
[move_group-7] [0m[INFO] [1790522081.065836490] [moveit_ros.planning_scene_monitor.planning_scene_monitor]: Listening to 'planning_scene_world' for planning scene world geometry[0m
[move_group-7] [33m[WARN] [1790522081.065978878] [moveit.ros.occupancy_map_monitor.middleware_handle]: Resolution not specified for Octomap. Assuming resolution = 0.1 instead[0m
[move_group-7] [31m[ERROR] [1790522081.065986829] [moveit.ros.occupancy_map_monitor.middleware_handle]: No 3D sensor plugin(s) defined for octomap updates[0m
[ign gazebo-1] [0m[INFO] [1790522081.576648025] [GazeboSimROS2ControlPlugin]: robot_param_node is robot_state_publisher[0m
[ign gazebo-1] [0m[INFO] [1790522081.576671751] [GazeboSimROS2ControlPlugin]: robot_param_node is robot_description[0m
[ign gazebo-1] [0m[INFO] [1790522081.601013752] [gz_ros2_control]: connected to service!! robot_state_publisher asking for robot_description[0m
[ign gazebo-1] [0m[INFO] [1790522081.601356055] [gz_ros2_control]: Received URDF from param server[0m
[ign gazebo-1] [0m[INFO] [1790522081.602447167] [gz_ros2_control]: [gz_ros2_control] Fixed joint ['world_to_base_link'] (Entity='108') is skipped.[0m
[ign gazebo-1] [0m[INFO] [1790522081.604730504] [gz_ros2_control]: The position_proportional_gain has been set to: 0.1[0m
[ign gazebo-1] [0m[INFO] [1790522081.604772989] [gz_ros2_control]: Loading joint: joint1[0m
[ign gazebo-1] [0m[INFO] [1790522081.604783460] [gz_ros2_control]: 	State:[0m
[ign gazebo-1] [0m[INFO] [1790522081.604789375] [gz_ros2_control]: 		 position[0m
[ign gazebo-1] [0m[INFO] [1790522081.604795951] [gz_ros2_control]: 			 found initial value: 0.000000[0m
[ign gazebo-1] [0m[INFO] [1790522081.604803020] [gz_ros2_control]: 		 velocity[0m
[ign gazebo-1] [0m[INFO] [1790522081.604808108] [gz_ros2_control]: 	Command:[0m
[ign gazebo-1] [0m[INFO] [1790522081.604812381] [gz_ros2_control]: 		 position[0m
[ign gazebo-1] [0m[INFO] [1790522081.604831010] [gz_ros2_control]: Loading joint: joint2[0m
[ign gazebo-1] [0m[INFO] [1790522081.604835166] [gz_ros2_control]: 	State:[0m
[ign gazebo-1] [0m[INFO] [1790522081.604839596] [gz_ros2_control]: 		 position[0m
[ign gazebo-1] [0m[INFO] [1790522081.604843514] [gz_ros2_control]: 			 found initial value: 0.010000[0m
[ign gazebo-1] [0m[INFO] [1790522081.604847809] [gz_ros2_control]: 		 velocity[0m
[ign gazebo-1] [0m[INFO] [1790522081.604850368] [gz_ros2_control]: 	Command:[0m
[ign gazebo-1] [0m[INFO] [1790522081.604853205] [gz_ros2_control]: 		 position[0m
[ign gazebo-1] [0m[INFO] [1790522081.604859020] [gz_ros2_control]: Loading joint: joint3[0m
[ign gazebo-1] [0m[INFO] [1790522081.604861728] [gz_ros2_control]: 	State:[0m
[ign gazebo-1] [0m[INFO] [1790522081.604864043] [gz_ros2_control]: 		 position[0m
[ign gazebo-1] [0m[INFO] [1790522081.604866366] [gz_ros2_control]: 			 found initial value: -0.010000[0m
[ign gazebo-1] [0m[INFO] [1790522081.604869161] [gz_ros2_control]: 		 velocity[0m
[ign gazebo-1] [0m[INFO] [1790522081.604871518] [gz_ros2_control]: 	Command:[0m
[ign gazebo-1] [0m[INFO] [1790522081.604873652] [gz_ros2_control]: 		 position[0m
[ign gazebo-1] [0m[INFO] [1790522081.604879129] [gz_ros2_control]: Loading joint: joint4[0m
[ign gazebo-1] [0m[INFO] [1790522081.604882063] [gz_ros2_control]: 	State:[0m
[ign gazebo-1] [0m[INFO] [1790522081.604885810] [gz_ros2_control]: 		 position[0m
[ign gazebo-1] [0m[INFO] [1790522081.604889373] [gz_ros2_control]: 			 found initial value: 0.000000[0m
[ign gazebo-1] [0m[INFO] [1790522081.604893383] [gz_ros2_control]: 		 velocity[0m
[ign gazebo-1] [0m[INFO] [1790522081.604897289] [gz_ros2_control]: 	Command:[0m
[ign gazebo-1] [0m[INFO] [1790522081.604901310] [gz_ros2_control]: 		 position[0m
[ign gazebo-1] [0m[INFO] [1790522081.604910102] [gz_ros2_control]: Loading joint: joint5[0m
[ign gazebo-1] [0m[INFO] [1790522081.604912972] [gz_ros2_control]: 	State:[0m
[ign gazebo-1] [0m[INFO] [1790522081.604915529] [gz_ros2_control]: 		 position[0m
[ign gazebo-1] [0m[INFO] [1790522081.604921394] [gz_ros2_control]: 			 found initial value: 0.000000[0m
[ign gazebo-1] [0m[INFO] [1790522081.604924351] [gz_ros2_control]: 		 velocity[0m
[ign gazebo-1] [0m[INFO] [1790522081.604926933] [gz_ros2_control]: 	Command:[0m
[ign gazebo-1] [0m[INFO] [1790522081.604929058] [gz_ros2_control]: 		 position[0m
[ign gazebo-1] [0m[INFO] [1790522081.604935799] [gz_ros2_control]: Loading joint: joint6[0m
[ign gazebo-1] [0m[INFO] [1790522081.604938353] [gz_ros2_control]: 	State:[0m
[ign gazebo-1] [0m[INFO] [1790522081.604941447] [gz_ros2_control]: 		 position[0m
[ign gazebo-1] [0m[INFO] [1790522081.604943600] [gz_ros2_control]: 			 found initial value: 0.000000[0m
[ign gazebo-1] [0m[INFO] [1790522081.604946191] [gz_ros2_control]: 		 velocity[0m
[ign gazebo-1] [0m[INFO] [1790522081.604948445] [gz_ros2_control]: 	Command:[0m
[ign gazebo-1] [0m[INFO] [1790522081.604951182] [gz_ros2_control]: 		 position[0m
[ign gazebo-1] [0m[INFO] [1790522081.604957656] [gz_ros2_control]: Loading joint: center_joint[0m
[ign gazebo-1] [0m[INFO] [1790522081.604960605] [gz_ros2_control]: 	State:[0m
[ign gazebo-1] [0m[INFO] [1790522081.604963112] [gz_ros2_control]: 		 position[0m
[ign gazebo-1] [0m[INFO] [1790522081.604966123] [gz_ros2_control]: 			 found initial value: 0.050000[0m
[ign gazebo-1] [0m[INFO] [1790522081.604968925] [gz_ros2_control]: 		 velocity[0m
[ign gazebo-1] [0m[INFO] [1790522081.604971146] [gz_ros2_control]: 	Command:[0m
[ign gazebo-1] [0m[INFO] [1790522081.604973422] [gz_ros2_control]: 		 position[0m
[ign gazebo-1] [0m[INFO] [1790522081.604979945] [gz_ros2_control]: Loading joint: pika_left_finger_joint[0m
[ign gazebo-1] [0m[INFO] [1790522081.604982785] [gz_ros2_control]: 	State:[0m
[ign gazebo-1] [0m[INFO] [1790522081.604985110] [gz_ros2_control]: 		 position[0m
[ign gazebo-1] [0m[INFO] [1790522081.604989671] [gz_ros2_control]: 			 found initial value: 0.025000[0m
[ign gazebo-1] [0m[INFO] [1790522081.604992611] [gz_ros2_control]: 		 velocity[0m
[ign gazebo-1] [0m[INFO] [1790522081.604995667] [gz_ros2_control]: 	Command:[0m
[ign gazebo-1] [0m[INFO] [1790522081.604997820] [gz_ros2_control]: 		 position[0m
[ign gazebo-1] [0m[INFO] [1790522081.605004810] [gz_ros2_control]: Loading joint: pika_right_finger_joint[0m
[ign gazebo-1] [0m[INFO] [1790522081.605024170] [gz_ros2_control]: 	State:[0m
[ign gazebo-1] [0m[INFO] [1790522081.605026901] [gz_ros2_control]: 		 position[0m
[ign gazebo-1] [0m[INFO] [1790522081.605031730] [gz_ros2_control]: 			 found initial value: -0.025000[0m
[ign gazebo-1] [0m[INFO] [1790522081.605034829] [gz_ros2_control]: 		 velocity[0m
[ign gazebo-1] [0m[INFO] [1790522081.605036967] [gz_ros2_control]: 	Command:[0m
[ign gazebo-1] [0m[INFO] [1790522081.605039369] [gz_ros2_control]: 		 position[0m
[ign gazebo-1] [0m[INFO] [1790522081.605113612] [resource_manager]: Initialize hardware 'PiperPikaGazeboSystem' [0m
[ign gazebo-1] [0m[INFO] [1790522081.605157459] [resource_manager]: Successful initialization of hardware 'PiperPikaGazeboSystem'[0m
[ign gazebo-1] [0m[INFO] [1790522081.605179728] [resource_manager]: 'configure' hardware 'PiperPikaGazeboSystem' [0m
[ign gazebo-1] [0m[INFO] [1790522081.605181823] [gz_ros2_control]: System Successfully configured![0m
[ign gazebo-1] [0m[INFO] [1790522081.605187631] [resource_manager]: Successful 'configure' of hardware 'PiperPikaGazeboSystem'[0m
[ign gazebo-1] [0m[INFO] [1790522081.605192597] [resource_manager]: 'activate' hardware 'PiperPikaGazeboSystem' [0m
[ign gazebo-1] [0m[INFO] [1790522081.605196920] [resource_manager]: Successful 'activate' of hardware 'PiperPikaGazeboSystem'[0m
[ign gazebo-1] [0m[INFO] [1790522081.605199977] [gz_ros2_control]: Loading controller_manager[0m
[ign gazebo-1] [0m[INFO] [1790522081.640087801] [controller_manager]: Loading controller 'joint_state_broadcaster'[0m
[spawner-14] [0m[INFO] [1790522081.651343729] [spawner_joint_state_broadcaster]: [94mLoaded [1mjoint_state_broadcaster[0m[0m
[ign gazebo-1] [0m[INFO] [1790522081.653706911] [controller_manager]: Configuring controller 'joint_state_broadcaster'[0m
[ign gazebo-1] [0m[INFO] [1790522081.654049890] [joint_state_broadcaster]: 'joints' or 'interfaces' parameter is empty. All available state interfaces will be published[0m
[ign gazebo-1] [33m[WARN] [1790522082.297730726] [gz_ros2_control]:  Desired controller update period (0.005 s) is slower than the gazebo simulation period (0.001 s).[0m
[ign gazebo-1] libEGL warning: egl: failed to create dri2 screen
[ign gazebo-1] libEGL warning: egl: failed to create dri2 screen
[move_group-7] [0m[INFO] [1790522082.844450329] [moveit.ros_planning_interface.moveit_cpp]: Loading planning pipeline 'chomp'[0m
[move_group-7] [0m[INFO] [1790522082.846479290] [moveit.ros_planning.planning_pipeline]: Using planning interface 'CHOMP'[0m
[move_group-7] [0m[INFO] [1790522082.847641759] [moveit_ros.add_time_optimal_parameterization]: Param 'chomp.path_tolerance' was not set. Using default value: 0.100000[0m
[move_group-7] [0m[INFO] [1790522082.847649795] [moveit_ros.add_time_optimal_parameterization]: Param 'chomp.resample_dt' was not set. Using default value: 0.100000[0m
[move_group-7] [0m[INFO] [1790522082.847652222] [moveit_ros.add_time_optimal_parameterization]: Param 'chomp.min_angle_change' was not set. Using default value: 0.001000[0m
[move_group-7] [0m[INFO] [1790522082.847662998] [moveit_ros.fix_workspace_bounds]: Param 'chomp.default_workspace_bounds' was not set. Using default value: 10.000000[0m
[move_group-7] [0m[INFO] [1790522082.847670477] [moveit_ros.fix_start_state_bounds]: Param 'chomp.start_state_max_bounds_error' was set to 0.100000[0m
[move_group-7] [0m[INFO] [1790522082.847673064] [moveit_ros.fix_start_state_bounds]: Param 'chomp.start_state_max_dt' was not set. Using default value: 0.500000[0m
[move_group-7] [0m[INFO] [1790522082.847678765] [moveit_ros.fix_start_state_collision]: Param 'chomp.start_state_max_dt' was not set. Using default value: 0.500000[0m
[move_group-7] [0m[INFO] [1790522082.847681281] [moveit_ros.fix_start_state_collision]: Param 'chomp.jiggle_fraction' was set to 0.050000[0m
[move_group-7] [0m[INFO] [1790522082.847683920] [moveit_ros.fix_start_state_collision]: Param 'chomp.max_sampling_attempts' was not set. Using default value: 100[0m
[move_group-7] [0m[INFO] [1790522082.847689593] [moveit.ros_planning.planning_pipeline]: Using planning request adapter 'Add Time Optimal Parameterization'[0m
[move_group-7] [0m[INFO] [1790522082.847691505] [moveit.ros_planning.planning_pipeline]: Using planning request adapter 'Resolve constraint frames to robot links'[0m
[move_group-7] [0m[INFO] [1790522082.847692919] [moveit.ros_planning.planning_pipeline]: Using planning request adapter 'Fix Workspace Bounds'[0m
[move_group-7] [0m[INFO] [1790522082.847694414] [moveit.ros_planning.planning_pipeline]: Using planning request adapter 'Fix Start State Bounds'[0m
[move_group-7] [0m[INFO] [1790522082.847695766] [moveit.ros_planning.planning_pipeline]: Using planning request adapter 'Fix Start State In Collision'[0m
[move_group-7] [0m[INFO] [1790522082.847697085] [moveit.ros_planning.planning_pipeline]: Using planning request adapter 'Fix Start State Path Constraints'[0m
[move_group-7] [0m[INFO] [1790522082.849460752] [moveit.ros_planning_interface.moveit_cpp]: Loading planning pipeline 'pilz_industrial_motion_planner'[0m
[move_group-7] [0m[INFO] [1790522082.850695441] [moveit.pilz_industrial_motion_planner.joint_limits_aggregator]: Reading limits from namespace robot_description_planning[0m
[move_group-7] [0m[INFO] [1790522082.852662859] [moveit.pilz_industrial_motion_planner]: Available plugins: pilz_industrial_motion_planner/PlanningContextLoaderCIRC pilz_industrial_motion_planner/PlanningContextLoaderLIN pilz_industrial_motion_planner/PlanningContextLoaderPTP [0m
[move_group-7] [0m[INFO] [1790522082.852674330] [moveit.pilz_industrial_motion_planner]: About to load: pilz_industrial_motion_planner/PlanningContextLoaderCIRC[0m
[move_group-7] [0m[INFO] [1790522082.853477224] [moveit.pilz_industrial_motion_planner]: Registered Algorithm [CIRC][0m
[move_group-7] [0m[INFO] [1790522082.853484035] [moveit.pilz_industrial_motion_planner]: About to load: pilz_industrial_motion_planner/PlanningContextLoaderLIN[0m
[move_group-7] [0m[INFO] [1790522082.853960474] [moveit.pilz_industrial_motion_planner]: Registered Algorithm [LIN][0m
[move_group-7] [0m[INFO] [1790522082.853965255] [moveit.pilz_industrial_motion_planner]: About to load: pilz_industrial_motion_planner/PlanningContextLoaderPTP[0m
[move_group-7] [0m[INFO] [1790522082.854374166] [moveit.pilz_industrial_motion_planner]: Registered Algorithm [PTP][0m
[move_group-7] [0m[INFO] [1790522082.854379869] [moveit.ros_planning.planning_pipeline]: Using planning interface 'Pilz Industrial Motion Planner'[0m
[move_group-7] [0m[INFO] [1790522082.854954762] [moveit.ros_planning_interface.moveit_cpp]: Loading planning pipeline 'ompl'[0m
[move_group-7] [0m[INFO] [1790522082.861055285] [moveit.ros_planning.planning_pipeline]: Using planning interface 'OMPL'[0m
[move_group-7] [0m[INFO] [1790522082.861733582] [moveit_ros.add_time_optimal_parameterization]: Param 'ompl.path_tolerance' was not set. Using default value: 0.100000[0m
[move_group-7] [0m[INFO] [1790522082.861740678] [moveit_ros.add_time_optimal_parameterization]: Param 'ompl.resample_dt' was not set. Using default value: 0.100000[0m
[move_group-7] [0m[INFO] [1790522082.861758423] [moveit_ros.add_time_optimal_parameterization]: Param 'ompl.min_angle_change' was not set. Using default value: 0.001000[0m
[move_group-7] [0m[INFO] [1790522082.861771737] [moveit_ros.fix_workspace_bounds]: Param 'ompl.default_workspace_bounds' was not set. Using default value: 10.000000[0m
[move_group-7] [0m[INFO] [1790522082.861780626] [moveit_ros.fix_start_state_bounds]: Param 'ompl.start_state_max_bounds_error' was set to 0.100000[0m
[move_group-7] [0m[INFO] [1790522082.861783887] [moveit_ros.fix_start_state_bounds]: Param 'ompl.start_state_max_dt' was not set. Using default value: 0.500000[0m
[move_group-7] [0m[INFO] [1790522082.861790905] [moveit_ros.fix_start_state_collision]: Param 'ompl.start_state_max_dt' was not set. Using default value: 0.500000[0m
[move_group-7] [0m[INFO] [1790522082.861793466] [moveit_ros.fix_start_state_collision]: Param 'ompl.jiggle_fraction' was set to 0.050000[0m
[move_group-7] [0m[INFO] [1790522082.861795495] [moveit_ros.fix_start_state_collision]: Param 'ompl.max_sampling_attempts' was not set. Using default value: 100[0m
[move_group-7] [0m[INFO] [1790522082.861801109] [moveit.ros_planning.planning_pipeline]: Using planning request adapter 'Add Time Optimal Parameterization'[0m
[move_group-7] [0m[INFO] [1790522082.861803354] [moveit.ros_planning.planning_pipeline]: Using planning request adapter 'Resolve constraint frames to robot links'[0m
[move_group-7] [0m[INFO] [1790522082.861804793] [moveit.ros_planning.planning_pipeline]: Using planning request adapter 'Fix Workspace Bounds'[0m
[move_group-7] [0m[INFO] [1790522082.861806177] [moveit.ros_planning.planning_pipeline]: Using planning request adapter 'Fix Start State Bounds'[0m
[move_group-7] [0m[INFO] [1790522082.861807561] [moveit.ros_planning.planning_pipeline]: Using planning request adapter 'Fix Start State In Collision'[0m
[move_group-7] [0m[INFO] [1790522082.861808909] [moveit.ros_planning.planning_pipeline]: Using planning request adapter 'Fix Start State Path Constraints'[0m
[servo_node_main-8] [0m[INFO] [1790522082.871775277] [moveit_ros.planning_scene_monitor.planning_scene_monitor]: Publishing maintained planning scene on '/servo_node/publish_planning_scene'[0m
[move_group-7] [0m[INFO] [1790522082.883487247] [moveit.plugins.moveit_simple_controller_manager]: Added FollowJointTrajectory controller for arm_controller[0m
[move_group-7] [0m[INFO] [1790522082.884597089] [moveit.plugins.moveit_simple_controller_manager]: Added FollowJointTrajectory controller for pika_gripper_controller[0m
[move_group-7] [0m[INFO] [1790522082.884696106] [moveit.plugins.moveit_simple_controller_manager]: Returned 2 controllers in list[0m
[move_group-7] [0m[INFO] [1790522082.884708091] [moveit.plugins.moveit_simple_controller_manager]: Returned 2 controllers in list[0m
[move_group-7] [0m[INFO] [1790522082.884935551] [moveit_ros.trajectory_execution_manager]: Trajectory execution is managing controllers[0m
[move_group-7] [0m[INFO] [1790522082.884944248] [move_group.move_group]: MoveGroup debug mode is ON[0m
[move_group-7] [33m[WARN] [1790522082.890489946] [moveit_ros.planning_scene_monitor.planning_scene_monitor]: Unable to transform object from frame 'camera_color_frame' to planning frame'world' (Could not find a connection between 'world' and 'camera_color_frame' because they are not part of the same tree.Tf has two or more unconnected trees.)[0m
[move_group-7] [33m[WARN] [1790522082.890516215] [moveit_ros.planning_scene_monitor.planning_scene_monitor]: Unable to transform object from frame 'camera_link' to planning frame'world' (Could not find a connection between 'world' and 'camera_link' because they are not part of the same tree.Tf has two or more unconnected trees.)[0m
[move_group-7] [33m[WARN] [1790522082.890521623] [moveit_ros.planning_scene_monitor.planning_scene_monitor]: Unable to transform object from frame 'camera_color_optical_frame' to planning frame'world' (Could not find a connection between 'world' and 'camera_color_optical_frame' because they are not part of the same tree.Tf has two or more unconnected trees.)[0m
[move_group-7] [0m[INFO] [1790522082.894075638] [move_group.move_group]: 
[move_group-7] 
[move_group-7] ********************************************************
[move_group-7] * MoveGroup using: 
[move_group-7] *     - ApplyPlanningSceneService
[move_group-7] *     - ClearOctomapService
[move_group-7] *     - CartesianPathService
[move_group-7] *     - ExecuteTrajectoryAction
[move_group-7] *     - GetPlanningSceneService
[move_group-7] *     - KinematicsService
[move_group-7] *     - MoveAction
[move_group-7] *     - MotionPlanService
[move_group-7] *     - QueryPlannersService
[move_group-7] *     - StateValidationService
[move_group-7] ********************************************************
[move_group-7] [0m
[move_group-7] [0m[INFO] [1790522082.894130478] [moveit_move_group_capabilities_base.move_group_context]: MoveGroup context using planning plugin ompl_interface/OMPLPlanner[0m
[move_group-7] [0m[INFO] [1790522082.894179264] [moveit_move_group_capabilities_base.move_group_context]: MoveGroup context initialization complete[0m
[move_group-7] [96mLoading 'move_group/ApplyPlanningSceneService'...
[move_group-7] [0m[96mLoading 'move_group/ClearOctomapService'...
[move_group-7] [0m[96mLoading 'move_group/MoveGroupCartesianPathService'...
[move_group-7] [0m[96mLoading 'move_group/MoveGroupExecuteTrajectoryAction'...
[move_group-7] [0m[96mLoading 'move_group/MoveGroupGetPlanningSceneService'...
[move_group-7] [0m[96mLoading 'move_group/MoveGroupKinematicsService'...
[move_group-7] [0m[96mLoading 'move_group/MoveGroupMoveAction'...
[move_group-7] [0m[96mLoading 'move_group/MoveGroupPlanService'...
[move_group-7] [0m[96mLoading 'move_group/MoveGroupQueryPlannersService'...
[move_group-7] [0m[96mLoading 'move_group/MoveGroupStateValidationService'...
[move_group-7] [0m[92m
[move_group-7] You can start planning now!
[move_group-7] 
[spawner-14] [0m[INFO] [1790522083.767202397] [spawner_joint_state_broadcaster]: [92mConfigured and activated [1mjoint_state_broadcaster[0m[0m
[ign gazebo-1] [0m[INFO] [1790522083.768835138] [controller_manager]: Loading controller 'arm_controller'[0m
[spawner-14] [0m[INFO] [1790522083.789151133] [spawner_joint_state_broadcaster]: [94mLoaded [1marm_controller[0m[0m
[ign gazebo-1] [0m[INFO] [1790522083.789566505] [controller_manager]: Configuring controller 'arm_controller'[0m
[ign gazebo-1] [0m[INFO] [1790522083.789860943] [arm_controller]: No specific joint names are used for command interfaces. Using 'joints' parameter.[0m
[ign gazebo-1] [0m[INFO] [1790522083.789903012] [arm_controller]: Command interfaces are [position] and state interfaces are [position velocity].[0m
[ign gazebo-1] [0m[INFO] [1790522083.789945980] [arm_controller]: Using 'splines' interpolation method.[0m
[ign gazebo-1] [0m[INFO] [1790522083.790942449] [arm_controller]: Controller state will be published at 50.00 Hz.[0m
[ign gazebo-1] [0m[INFO] [1790522083.792801820] [arm_controller]: Action status changes will be monitored at 20.00 Hz.[0m
[spawner-14] [0m[INFO] [1790522083.812689516] [spawner_joint_state_broadcaster]: [92mConfigured and activated [1marm_controller[0m[0m
[ign gazebo-1] [0m[INFO] [1790522083.815000198] [controller_manager]: Loading controller 'pika_gripper_controller'[0m
[spawner-14] [0m[INFO] [1790522083.838687382] [spawner_joint_state_broadcaster]: [94mLoaded [1mpika_gripper_controller[0m[0m
[ign gazebo-1] [0m[INFO] [1790522083.840257058] [controller_manager]: Configuring controller 'pika_gripper_controller'[0m
[ign gazebo-1] [0m[INFO] [1790522083.840588645] [pika_gripper_controller]: No specific joint names are used for command interfaces. Using 'joints' parameter.[0m
[ign gazebo-1] [0m[INFO] [1790522083.840632569] [pika_gripper_controller]: Command interfaces are [position] and state interfaces are [position velocity].[0m
[ign gazebo-1] [0m[INFO] [1790522083.840657415] [pika_gripper_controller]: Using 'splines' interpolation method.[0m
[ign gazebo-1] [0m[INFO] [1790522083.842121841] [pika_gripper_controller]: Controller state will be published at 50.00 Hz.[0m
[ign gazebo-1] [0m[INFO] [1790522083.844560602] [pika_gripper_controller]: Action status changes will be monitored at 20.00 Hz.[0m
[spawner-14] [0m[INFO] [1790522083.871128341] [spawner_joint_state_broadcaster]: [92mConfigured and activated [1mpika_gripper_controller[0m[0m
[INFO] [spawner-14]: process has finished cleanly [pid 392]
[button_detector-6] [0m[INFO] [1790522085.835265620] [button_detector]: Performance: 8.4 FPS, debug=0.0 FPS, average=37.5 ms, max=54.3 ms, input_age=30.0 ms[0m
[button_detector-6] [0m[INFO] [1790522090.840132425] [button_detector]: Performance: 21.6 FPS, debug=0.0 FPS, average=37.4 ms, max=64.1 ms, input_age=15.0 ms[0m
[button_detector-6] [0m[INFO] [1790522093.333198930] [button_detector]: Button selection changed: open[0m
[ign gazebo-1] [0m[INFO] [1790522094.028009514] [pika_gripper_controller]: Received new action goal[0m
[ign gazebo-1] [0m[INFO] [1790522094.028186064] [pika_gripper_controller]: Accepted new action goal[0m
[ign gazebo-1] [0m[INFO] [1790522095.236358290] [pika_gripper_controller]: Goal reached, success![0m
[button_detector-6] [0m[INFO] [1790522095.857907889] [button_detector]: Performance: 17.5 FPS, debug=0.0 FPS, average=41.3 ms, max=57.5 ms, input_age=32.0 ms[0m
[move_group-7] [0m[INFO] [1790522095.947133752] [moveit_move_group_default_capabilities.move_action_capability]: Received request[0m
[move_group-7] [0m[INFO] [1790522095.947551814] [moveit_move_group_default_capabilities.move_action_capability]: executing..[0m
[move_group-7] [0m[INFO] [1790522095.949371455] [moveit_move_group_default_capabilities.move_action_capability]: Planning request received for MoveGroup action. Forwarding to planning pipeline.[0m
[move_group-7] [0m[INFO] [1790522095.949410312] [moveit_move_group_capabilities_base.move_group_capability]: Using planning pipeline 'ompl'[0m
[move_group-7] [33m[WARN] [1790522095.952513220] [moveit.ompl_planning.planning_context_manager]: Cannot find planning configuration for group 'arm' using planner 'RRTConnectkConfigDefault'. Will use defaults instead.[0m
[move_group-7] [0m[INFO] [1790522095.953667698] [moveit.ompl_planning.model_based_planning_context]: Planner configuration 'arm' will use planner 'geometric::RRTConnect'. Additional configuration parameters will be set when the planner is constructed.[0m
[move_group-7] [0m[INFO] [1790522096.142734036] [moveit_move_group_default_capabilities.move_action_capability]: Motion plan was computed successfully.[0m
[move_group-7] [0m[INFO] [1790522096.946460001] [moveit_move_group_default_capabilities.plan_service_capability]: Received new planning service request...[0m
[move_group-7] [0m[INFO] [1790522096.948280133] [moveit_move_group_capabilities_base.move_group_capability]: Using planning pipeline 'pilz_industrial_motion_planner'[0m
[move_group-7] [0m[INFO] [1790522096.948357293] [moveit.pilz_industrial_motion_planner.trajectory_generator_ptp]: Initialized Point-to-Point Trajectory Generator.[0m
[move_group-7] [0m[INFO] [1790522096.948409273] [moveit.pilz_industrial_motion_planner.trajectory_generator]: Generating PTP trajectory...[0m
[move_group-7] [0m[INFO] [1790522097.046506742] [moveit_move_group_default_capabilities.plan_service_capability]: Received new planning service request...[0m
[move_group-7] [0m[INFO] [1790522097.048352017] [moveit_move_group_capabilities_base.move_group_capability]: Using planning pipeline 'pilz_industrial_motion_planner'[0m
[move_group-7] [0m[INFO] [1790522097.048435854] [moveit.pilz_industrial_motion_planner.trajectory_generator_ptp]: Initialized Point-to-Point Trajectory Generator.[0m
[move_group-7] [0m[INFO] [1790522097.048534696] [moveit.pilz_industrial_motion_planner.trajectory_generator]: Generating PTP trajectory...[0m
[move_group-7] [0m[INFO] [1790522097.354823396] [moveit_move_group_default_capabilities.execute_trajectory_action_capability]: Received goal request[0m
[move_group-7] [0m[INFO] [1790522097.355087695] [moveit_move_group_default_capabilities.execute_trajectory_action_capability]: Execution request received[0m
[move_group-7] [0m[INFO] [1790522097.355154430] [moveit.plugins.moveit_simple_controller_manager]: Returned 2 controllers in list[0m
[move_group-7] [0m[INFO] [1790522097.355178461] [moveit.plugins.moveit_simple_controller_manager]: Returned 2 controllers in list[0m
[move_group-7] [0m[INFO] [1790522097.355316527] [moveit_ros.trajectory_execution_manager]: Validating trajectory with allowed_start_tolerance 0.01[0m
[move_group-7] [0m[INFO] [1790522097.355746542] [moveit_ros.trajectory_execution_manager]: Starting trajectory execution ...[0m
[move_group-7] [0m[INFO] [1790522097.355799178] [moveit.plugins.moveit_simple_controller_manager]: Returned 2 controllers in list[0m
[move_group-7] [0m[INFO] [1790522097.355819824] [moveit.plugins.moveit_simple_controller_manager]: Returned 2 controllers in list[0m
[move_group-7] [0m[INFO] [1790522097.356420610] [moveit.simple_controller_manager.follow_joint_trajectory_controller_handle]: sending trajectory to arm_controller[0m
[ign gazebo-1] [0m[INFO] [1790522097.357205576] [arm_controller]: Received new action goal[0m
[ign gazebo-1] [0m[INFO] [1790522097.357395033] [arm_controller]: Accepted new action goal[0m
[move_group-7] [0m[INFO] [1790522097.357750205] [moveit.simple_controller_manager.follow_joint_trajectory_controller_handle]: arm_controller started execution[0m
[move_group-7] [0m[INFO] [1790522097.357790223] [moveit.simple_controller_manager.follow_joint_trajectory_controller_handle]: Goal request accepted![0m
[button_detector-6] [0m[INFO] [1790522100.860340797] [button_detector]: Performance: 19.2 FPS, debug=0.0 FPS, average=43.0 ms, max=65.2 ms, input_age=37.0 ms[0m
[ign gazebo-1] [0m[INFO] [1790522101.350656089] [arm_controller]: Goal reached, success![0m
[move_group-7] [0m[INFO] [1790522101.358022512] [moveit.simple_controller_manager.follow_joint_trajectory_controller_handle]: Controller 'arm_controller' successfully finished[0m
[move_group-7] [0m[INFO] [1790522101.364321692] [moveit_ros.trajectory_execution_manager]: Completed trajectory execution with status SUCCEEDED ...[0m
[move_group-7] [0m[INFO] [1790522101.364596529] [moveit_move_group_default_capabilities.execute_trajectory_action_capability]: Execution completed: SUCCEEDED[0m
